INFO: processing XML schema file JATS-journalpublishing1-mathml3.xsd
INFO: validating XML file 3336451.0000.000_jats.xml
INFO: errors: 0
INFO: Saved log file S:/Information Management/Fulcrum/Fulcrum_Unsynced/Journals/jep/articles/3336451.0000.000/3336451.0000.000_jats_xml_cc.log.
INFO: validating XML file 3336451.0001.101_jats.xml
INFO: errors: 0
INFO: Saved log file S:/Information Management/Fulcrum/Fulcrum_Unsynced/Journals/jep/articles/3336451.0001.101/3336451.0001.101_jats_xml_cc.log.
INFO: validating XML file 3336451.0001.103_jats.xml
INFO: errors: 0
INFO: Saved log file S:/Information Management/Fulcrum/Fulcrum_Unsynced/Journals/jep/articles/3336451.0001.103/3336451.0001.103_jats_xml_cc.log.
INFO: validating XML file 3336451.0001.104_jats.xml
INFO: errors: 0
INFO: Saved log file S:/Information Management/Fulcrum/Fulcrum_Unsynced/Journals/jep/articles/3336451.0001.104/3336451.0001.104_jats_xml_cc.log.
INFO: validating XML file 3336451.0001.105_jats.xml
INFO: errors: 0
INFO: Saved log file S:/Information Management/Fulcrum/Fulcrum_Unsynced/Journals/jep/articles/3336451.0001.105/3336451.0001.105_jats_xml_cc.log.
INFO: validating XML file 3336451.0001.106_jats.xml
INFO: errors: 0
INFO: Saved log file S:/Information Management/Fulcrum/Fulcrum_Unsynced/Journals/jep/articles/3336451.0001.106/3336451.0001.106_jats_xml_cc.log.
INFO: validating XML file 3336451.0001.107_jats.xml
INFO: errors: 0
INFO: Saved log file S:/Information Management/Fulcrum/Fulcrum_Unsynced/Journals/jep/articles/3336451.0001.107/3336451.0001.107_jats_xml_cc.log.
INFO: validating XML file 3336451.0001.108_jats.xml
INFO: errors: 0
INFO: Saved log file S:/Information Management/Fulcrum/Fulcrum_Unsynced/Journals/jep/articles/3336451.0001.108/3336451.0001.108_jats_xml_cc.log.
INFO: validating XML file 3336451.0001.109_jats.xml
INFO: errors: 0
INFO: Saved log file S:/Information Management/Fulcrum/Fulcrum_Unsynced/Journals/jep/articles/3336451.0001.109/3336451.0001.109_jats_xml_cc.log.
INFO: validating XML file 3336451.0001.110_jats.xml
INFO: errors: 0
INFO: Saved log file S:/Information Management/Fulcrum/Fulcrum_Unsynced/Journals/jep/articles/3336451.0001.110/3336451.0001.110_jats_xml_cc.log.
INFO: validating XML file 3336451.0001.111_jats.xml
INFO: errors: 0
INFO: Saved log file S:/Information Management/Fulcrum/Fulcrum_Unsynced/Journals/jep/articles/3336451.0001.111/3336451.0001.111_jats_xml_cc.log.
INFO: validating XML file 3336451.0001.112_jats.xml
INFO: errors: 0
INFO: Saved log file S:/Information Management/Fulcrum/Fulcrum_Unsynced/Journals/jep/articles/3336451.0001.112/3336451.0001.112_jats_xml_cc.log.
INFO: validating XML file 3336451.0001.113_jats.xml
INFO: errors: 0
INFO: Saved log file S:/Information Management/Fulcrum/Fulcrum_Unsynced/Journals/jep/articles/3336451.0001.113/3336451.0001.113_jats_xml_cc.log.
INFO: validating XML file 3336451.0001.114_jats.xml
INFO: errors: 0
INFO: Saved log file S:/Information Management/Fulcrum/Fulcrum_Unsynced/Journals/jep/articles/3336451.0001.114/3336451.0001.114_jats_xml_cc.log.
INFO: validating XML file 3336451.0001.115_jats.xml
INFO: errors: 0
INFO: Saved log file S:/Information Management/Fulcrum/Fulcrum_Unsynced/Journals/jep/articles/3336451.0001.115/3336451.0001.115_jats_xml_cc.log.
INFO: validating XML file 3336451.0001.116_jats.xml
INFO: errors: 0
INFO: Saved log file S:/Information Management/Fulcrum/Fulcrum_Unsynced/Journals/jep/articles/3336451.0001.116/3336451.0001.116_jats_xml_cc.log.
INFO: validating XML file 3336451.0001.117_jats.xml
INFO: errors: 0
INFO: Saved log file S:/Information Management/Fulcrum/Fulcrum_Unsynced/Journals/jep/articles/3336451.0001.117/3336451.0001.117_jats_xml_cc.log.
INFO: validating XML file 3336451.0001.118_jats.xml
INFO: errors: 0
INFO: Saved log file S:/Information Management/Fulcrum/Fulcrum_Unsynced/Journals/jep/articles/3336451.0001.118/3336451.0001.118_jats_xml_cc.log.
INFO: validating XML file 3336451.0001.119_jats.xml
INFO: errors: 0
INFO: Saved log file S:/Information Management/Fulcrum/Fulcrum_Unsynced/Journals/jep/articles/3336451.0001.119/3336451.0001.119_jats_xml_cc.log.
INFO: validating XML file 3336451.0001.120_jats.xml
INFO: errors: 0
INFO: Saved log file S:/Information Management/Fulcrum/Fulcrum_Unsynced/Journals/jep/articles/3336451.0001.120/3336451.0001.120_jats_xml_cc.log.
INFO: validating XML file 3336451.0001.121_jats.xml
INFO: errors: 0
INFO: Saved log file S:/Information Management/Fulcrum/Fulcrum_Unsynced/Journals/jep/articles/3336451.0001.121/3336451.0001.121_jats_xml_cc.log.
INFO: validating XML file 3336451.0001.122_jats.xml
INFO: errors: 0
INFO: Saved log file S:/Information Management/Fulcrum/Fulcrum_Unsynced/Journals/jep/articles/3336451.0001.122/3336451.0001.122_jats_xml_cc.log.
INFO: validating XML file 3336451.0001.123_jats.xml
INFO: errors: 0
INFO: Saved log file S:/Information Management/Fulcrum/Fulcrum_Unsynced/Journals/jep/articles/3336451.0001.123/3336451.0001.123_jats_xml_cc.log.
INFO: validating XML file 3336451.0001.124_jats.xml
INFO: errors: 0
INFO: Saved log file S:/Information Management/Fulcrum/Fulcrum_Unsynced/Journals/jep/articles/3336451.0001.124/3336451.0001.124_jats_xml_cc.log.
INFO: validating XML file 3336451.0001.125_jats.xml
INFO: errors: 0
INFO: Saved log file S:/Information Management/Fulcrum/Fulcrum_Unsynced/Journals/jep/articles/3336451.0001.125/3336451.0001.125_jats_xml_cc.log.
INFO: validating XML file 3336451.0001.126_jats.xml
INFO: errors: 0
INFO: Saved log file S:/Information Management/Fulcrum/Fulcrum_Unsynced/Journals/jep/articles/3336451.0001.126/3336451.0001.126_jats_xml_cc.log.
INFO: validating XML file 3336451.0001.127_jats.xml
INFO: errors: 0
INFO: Saved log file S:/Information Management/Fulcrum/Fulcrum_Unsynced/Journals/jep/articles/3336451.0001.127/3336451.0001.127_jats_xml_cc.log.
INFO: validating XML file 3336451.0001.128_jats.xml
INFO: errors: 0
INFO: Saved log file S:/Information Management/Fulcrum/Fulcrum_Unsynced/Journals/jep/articles/3336451.0001.128/3336451.0001.128_jats_xml_cc.log.
INFO: validating XML file 3336451.0001.129_jats.xml
INFO: errors: 0
INFO: Saved log file S:/Information Management/Fulcrum/Fulcrum_Unsynced/Journals/jep/articles/3336451.0001.129/3336451.0001.129_jats_xml_cc.log.
INFO: validating XML file 3336451.0001.130_jats.xml
INFO: errors: 0
INFO: Saved log file S:/Information Management/Fulcrum/Fulcrum_Unsynced/Journals/jep/articles/3336451.0001.130/3336451.0001.130_jats_xml_cc.log.
INFO: validating XML file 3336451.0001.131_jats.xml
INFO: errors: 0
INFO: Saved log file S:/Information Management/Fulcrum/Fulcrum_Unsynced/Journals/jep/articles/3336451.0001.131/3336451.0001.131_jats_xml_cc.log.
INFO: validating XML file 3336451.0001.132_jats.xml
INFO: errors: 0
INFO: Saved log file S:/Information Management/Fulcrum/Fulcrum_Unsynced/Journals/jep/articles/3336451.0001.132/3336451.0001.132_jats_xml_cc.log.
INFO: validating XML file 3336451.0001.133_jats.xml
INFO: errors: 0
INFO: Saved log file S:/Information Management/Fulcrum/Fulcrum_Unsynced/Journals/jep/articles/3336451.0001.133/3336451.0001.133_jats_xml_cc.log.
INFO: validating XML file 3336451.0001.134_jats.xml
INFO: errors: 0
INFO: Saved log file S:/Information Management/Fulcrum/Fulcrum_Unsynced/Journals/jep/articles/3336451.0001.134/3336451.0001.134_jats_xml_cc.log.
INFO: validating XML file 3336451.0001.135_jats.xml
INFO: errors: 0
INFO: Saved log file S:/Information Management/Fulcrum/Fulcrum_Unsynced/Journals/jep/articles/3336451.0001.135/3336451.0001.135_jats_xml_cc.log.
INFO: validating XML file 3336451.0001.136_jats.xml
INFO: errors: 0
INFO: Saved log file S:/Information Management/Fulcrum/Fulcrum_Unsynced/Journals/jep/articles/3336451.0001.136/3336451.0001.136_jats_xml_cc.log.
INFO: validating XML file 3336451.0001.137_jats.xml
INFO: errors: 0
INFO: Saved log file S:/Information Management/Fulcrum/Fulcrum_Unsynced/Journals/jep/articles/3336451.0001.137/3336451.0001.137_jats_xml_cc.log.
INFO: validating XML file 3336451.0001.138_jats.xml
INFO: errors: 0
INFO: Saved log file S:/Information Management/Fulcrum/Fulcrum_Unsynced/Journals/jep/articles/3336451.0001.138/3336451.0001.138_jats_xml_cc.log.
INFO: validating XML file 3336451.0002.101_jats.xml
INFO: errors: 0
INFO: Saved log file S:/Information Management/Fulcrum/Fulcrum_Unsynced/Journals/jep/articles/3336451.0002.101/3336451.0002.101_jats_xml_cc.log.
INFO: validating XML file 3336451.0002.102_jats.xml
INFO: errors: 0
INFO: Saved log file S:/Information Management/Fulcrum/Fulcrum_Unsynced/Journals/jep/articles/3336451.0002.102/3336451.0002.102_jats_xml_cc.log.
INFO: validating XML file 3336451.0002.103_jats.xml
INFO: errors: 0
INFO: Saved log file S:/Information Management/Fulcrum/Fulcrum_Unsynced/Journals/jep/articles/3336451.0002.103/3336451.0002.103_jats_xml_cc.log.
INFO: validating XML file 3336451.0002.104_jats.xml
INFO: errors: 0
INFO: Saved log file S:/Information Management/Fulcrum/Fulcrum_Unsynced/Journals/jep/articles/3336451.0002.104/3336451.0002.104_jats_xml_cc.log.
INFO: validating XML file 3336451.0002.105_jats.xml
INFO: errors: 0
INFO: Saved log file S:/Information Management/Fulcrum/Fulcrum_Unsynced/Journals/jep/articles/3336451.0002.105/3336451.0002.105_jats_xml_cc.log.
INFO: validating XML file 3336451.0002.106_jats.xml
INFO: errors: 0
INFO: Saved log file S:/Information Management/Fulcrum/Fulcrum_Unsynced/Journals/jep/articles/3336451.0002.106/3336451.0002.106_jats_xml_cc.log.
INFO: validating XML file 3336451.0002.107_jats.xml
INFO: errors: 0
INFO: Saved log file S:/Information Management/Fulcrum/Fulcrum_Unsynced/Journals/jep/articles/3336451.0002.107/3336451.0002.107_jats_xml_cc.log.
INFO: validating XML file 3336451.0002.108_jats.xml
INFO: errors: 0
INFO: Saved log file S:/Information Management/Fulcrum/Fulcrum_Unsynced/Journals/jep/articles/3336451.0002.108/3336451.0002.108_jats_xml_cc.log.
INFO: validating XML file 3336451.0002.109_jats.xml
INFO: errors: 0
INFO: Saved log file S:/Information Management/Fulcrum/Fulcrum_Unsynced/Journals/jep/articles/3336451.0002.109/3336451.0002.109_jats_xml_cc.log.
INFO: validating XML file 3336451.0002.110_jats.xml
INFO: errors: 0
INFO: Saved log file S:/Information Management/Fulcrum/Fulcrum_Unsynced/Journals/jep/articles/3336451.0002.110/3336451.0002.110_jats_xml_cc.log.
INFO: validating XML file 3336451.0002.111_jats.xml
INFO: errors: 0
INFO: Saved log file S:/Information Management/Fulcrum/Fulcrum_Unsynced/Journals/jep/articles/3336451.0002.111/3336451.0002.111_jats_xml_cc.log.
INFO: validating XML file 3336451.0002.112_jats.xml
INFO: errors: 0
INFO: Saved log file S:/Information Management/Fulcrum/Fulcrum_Unsynced/Journals/jep/articles/3336451.0002.112/3336451.0002.112_jats_xml_cc.log.
INFO: validating XML file 3336451.0002.113_jats.xml
INFO: errors: 0
INFO: Saved log file S:/Information Management/Fulcrum/Fulcrum_Unsynced/Journals/jep/articles/3336451.0002.113/3336451.0002.113_jats_xml_cc.log.
INFO: validating XML file 3336451.0002.114_jats.xml
INFO: errors: 0
INFO: Saved log file S:/Information Management/Fulcrum/Fulcrum_Unsynced/Journals/jep/articles/3336451.0002.114/3336451.0002.114_jats_xml_cc.log.
INFO: validating XML file 3336451.0002.115_jats.xml
INFO: errors: 0
INFO: Saved log file S:/Information Management/Fulcrum/Fulcrum_Unsynced/Journals/jep/articles/3336451.0002.115/3336451.0002.115_jats_xml_cc.log.
INFO: validating XML file 3336451.0002.116_jats.xml
INFO: errors: 0
INFO: Saved log file S:/Information Management/Fulcrum/Fulcrum_Unsynced/Journals/jep/articles/3336451.0002.116/3336451.0002.116_jats_xml_cc.log.
INFO: validating XML file 3336451.0002.117_jats.xml
INFO: errors: 0
INFO: Saved log file S:/Information Management/Fulcrum/Fulcrum_Unsynced/Journals/jep/articles/3336451.0002.117/3336451.0002.117_jats_xml_cc.log.
INFO: validating XML file 3336451.0002.118_jats.xml
INFO: errors: 0
INFO: Saved log file S:/Information Management/Fulcrum/Fulcrum_Unsynced/Journals/jep/articles/3336451.0002.118/3336451.0002.118_jats_xml_cc.log.
INFO: validating XML file 3336451.0002.119_jats.xml
INFO: errors: 0
INFO: Saved log file S:/Information Management/Fulcrum/Fulcrum_Unsynced/Journals/jep/articles/3336451.0002.119/3336451.0002.119_jats_xml_cc.log.
INFO: validating XML file 3336451.0002.120_jats.xml
INFO: errors: 0
INFO: Saved log file S:/Information Management/Fulcrum/Fulcrum_Unsynced/Journals/jep/articles/3336451.0002.120/3336451.0002.120_jats_xml_cc.log.
INFO: validating XML file 3336451.0003.101_jats.xml
INFO: errors: 0
INFO: Saved log file S:/Information Management/Fulcrum/Fulcrum_Unsynced/Journals/jep/articles/3336451.0003.101/3336451.0003.101_jats_xml_cc.log.
INFO: validating XML file 3336451.0003.102_jats.xml
INFO: errors: 0
INFO: Saved log file S:/Information Management/Fulcrum/Fulcrum_Unsynced/Journals/jep/articles/3336451.0003.102/3336451.0003.102_jats_xml_cc.log.
INFO: validating XML file 3336451.0003.103_jats.xml
INFO: errors: 0
INFO: Saved log file S:/Information Management/Fulcrum/Fulcrum_Unsynced/Journals/jep/articles/3336451.0003.103/3336451.0003.103_jats_xml_cc.log.
INFO: validating XML file 3336451.0003.104_jats.xml
INFO: errors: 0
INFO: Saved log file S:/Information Management/Fulcrum/Fulcrum_Unsynced/Journals/jep/articles/3336451.0003.104/3336451.0003.104_jats_xml_cc.log.
INFO: validating XML file 3336451.0003.105_jats.xml
INFO: errors: 0
INFO: Saved log file S:/Information Management/Fulcrum/Fulcrum_Unsynced/Journals/jep/articles/3336451.0003.105/3336451.0003.105_jats_xml_cc.log.
INFO: validating XML file 3336451.0003.106_jats.xml
INFO: errors: 0
INFO: Saved log file S:/Information Management/Fulcrum/Fulcrum_Unsynced/Journals/jep/articles/3336451.0003.106/3336451.0003.106_jats_xml_cc.log.
INFO: validating XML file 3336451.0003.107_jats.xml
INFO: errors: 0
INFO: Saved log file S:/Information Management/Fulcrum/Fulcrum_Unsynced/Journals/jep/articles/3336451.0003.107/3336451.0003.107_jats_xml_cc.log.
INFO: validating XML file 3336451.0003.108_jats.xml
INFO: errors: 0
INFO: Saved log file S:/Information Management/Fulcrum/Fulcrum_Unsynced/Journals/jep/articles/3336451.0003.108/3336451.0003.108_jats_xml_cc.log.
INFO: validating XML file 3336451.0003.109_jats.xml
INFO: errors: 0
INFO: Saved log file S:/Information Management/Fulcrum/Fulcrum_Unsynced/Journals/jep/articles/3336451.0003.109/3336451.0003.109_jats_xml_cc.log.
INFO: validating XML file 3336451.0003.110_jats.xml
INFO: errors: 0
INFO: Saved log file S:/Information Management/Fulcrum/Fulcrum_Unsynced/Journals/jep/articles/3336451.0003.110/3336451.0003.110_jats_xml_cc.log.
INFO: validating XML file 3336451.0003.111_jats.xml
INFO: errors: 0
INFO: Saved log file S:/Information Management/Fulcrum/Fulcrum_Unsynced/Journals/jep/articles/3336451.0003.111/3336451.0003.111_jats_xml_cc.log.
INFO: validating XML file 3336451.0003.112_jats.xml
INFO: errors: 0
INFO: Saved log file S:/Information Management/Fulcrum/Fulcrum_Unsynced/Journals/jep/articles/3336451.0003.112/3336451.0003.112_jats_xml_cc.log.
INFO: validating XML file 3336451.0003.113_jats.xml
INFO: errors: 0
INFO: Saved log file S:/Information Management/Fulcrum/Fulcrum_Unsynced/Journals/jep/articles/3336451.0003.113/3336451.0003.113_jats_xml_cc.log.
INFO: validating XML file 3336451.0003.114_jats.xml
INFO: errors: 0
INFO: Saved log file S:/Information Management/Fulcrum/Fulcrum_Unsynced/Journals/jep/articles/3336451.0003.114/3336451.0003.114_jats_xml_cc.log.
INFO: validating XML file 3336451.0003.115_jats.xml
INFO: errors: 0
INFO: Saved log file S:/Information Management/Fulcrum/Fulcrum_Unsynced/Journals/jep/articles/3336451.0003.115/3336451.0003.115_jats_xml_cc.log.
INFO: validating XML file 3336451.0003.116_jats.xml
INFO: errors: 0
INFO: Saved log file S:/Information Management/Fulcrum/Fulcrum_Unsynced/Journals/jep/articles/3336451.0003.116/3336451.0003.116_jats_xml_cc.log.
INFO: validating XML file 3336451.0003.201_jats.xml
INFO: errors: 0
INFO: Saved log file S:/Information Management/Fulcrum/Fulcrum_Unsynced/Journals/jep/articles/3336451.0003.201/3336451.0003.201_jats_xml_cc.log.
INFO: validating XML file 3336451.0003.202_jats.xml
INFO: errors: 0
INFO: Saved log file S:/Information Management/Fulcrum/Fulcrum_Unsynced/Journals/jep/articles/3336451.0003.202/3336451.0003.202_jats_xml_cc.log.
INFO: validating XML file 3336451.0003.203_jats.xml
INFO: errors: 0
INFO: Saved log file S:/Information Management/Fulcrum/Fulcrum_Unsynced/Journals/jep/articles/3336451.0003.203/3336451.0003.203_jats_xml_cc.log.
INFO: validating XML file 3336451.0003.204_jats.xml
INFO: errors: 0
INFO: Saved log file S:/Information Management/Fulcrum/Fulcrum_Unsynced/Journals/jep/articles/3336451.0003.204/3336451.0003.204_jats_xml_cc.log.
INFO: validating XML file 3336451.0003.205_jats.xml
INFO: errors: 0
INFO: Saved log file S:/Information Management/Fulcrum/Fulcrum_Unsynced/Journals/jep/articles/3336451.0003.205/3336451.0003.205_jats_xml_cc.log.
INFO: validating XML file 3336451.0003.206_jats.xml
INFO: errors: 0
INFO: Saved log file S:/Information Management/Fulcrum/Fulcrum_Unsynced/Journals/jep/articles/3336451.0003.206/3336451.0003.206_jats_xml_cc.log.
INFO: validating XML file 3336451.0003.207_jats.xml
INFO: errors: 0
INFO: Saved log file S:/Information Management/Fulcrum/Fulcrum_Unsynced/Journals/jep/articles/3336451.0003.207/3336451.0003.207_jats_xml_cc.log.
INFO: validating XML file 3336451.0003.208_jats.xml
INFO: errors: 0
INFO: Saved log file S:/Information Management/Fulcrum/Fulcrum_Unsynced/Journals/jep/articles/3336451.0003.208/3336451.0003.208_jats_xml_cc.log.
INFO: validating XML file 3336451.0003.209_jats.xml
INFO: errors: 0
INFO: Saved log file S:/Information Management/Fulcrum/Fulcrum_Unsynced/Journals/jep/articles/3336451.0003.209/3336451.0003.209_jats_xml_cc.log.
INFO: validating XML file 3336451.0003.210_jats.xml
INFO: errors: 0
INFO: Saved log file S:/Information Management/Fulcrum/Fulcrum_Unsynced/Journals/jep/articles/3336451.0003.210/3336451.0003.210_jats_xml_cc.log.
INFO: validating XML file 3336451.0003.211_jats.xml
INFO: errors: 0
INFO: Saved log file S:/Information Management/Fulcrum/Fulcrum_Unsynced/Journals/jep/articles/3336451.0003.211/3336451.0003.211_jats_xml_cc.log.
INFO: validating XML file 3336451.0003.212_jats.xml
INFO: errors: 0
INFO: Saved log file S:/Information Management/Fulcrum/Fulcrum_Unsynced/Journals/jep/articles/3336451.0003.212/3336451.0003.212_jats_xml_cc.log.
INFO: validating XML file 3336451.0003.301_jats.xml
INFO: errors: 0
INFO: Saved log file S:/Information Management/Fulcrum/Fulcrum_Unsynced/Journals/jep/articles/3336451.0003.301/3336451.0003.301_jats_xml_cc.log.
INFO: validating XML file 3336451.0003.302_jats.xml
INFO: errors: 0
INFO: Saved log file S:/Information Management/Fulcrum/Fulcrum_Unsynced/Journals/jep/articles/3336451.0003.302/3336451.0003.302_jats_xml_cc.log.
INFO: validating XML file 3336451.0003.303_jats.xml
INFO: errors: 0
INFO: Saved log file S:/Information Management/Fulcrum/Fulcrum_Unsynced/Journals/jep/articles/3336451.0003.303/3336451.0003.303_jats_xml_cc.log.
INFO: validating XML file 3336451.0003.304_jats.xml
INFO: errors: 0
INFO: Saved log file S:/Information Management/Fulcrum/Fulcrum_Unsynced/Journals/jep/articles/3336451.0003.304/3336451.0003.304_jats_xml_cc.log.
INFO: validating XML file 3336451.0003.305_jats.xml
INFO: errors: 0
INFO: Saved log file S:/Information Management/Fulcrum/Fulcrum_Unsynced/Journals/jep/articles/3336451.0003.305/3336451.0003.305_jats_xml_cc.log.
INFO: validating XML file 3336451.0003.306_jats.xml
INFO: errors: 0
INFO: Saved log file S:/Information Management/Fulcrum/Fulcrum_Unsynced/Journals/jep/articles/3336451.0003.306/3336451.0003.306_jats_xml_cc.log.
INFO: validating XML file 3336451.0003.307_jats.xml
INFO: errors: 0
INFO: Saved log file S:/Information Management/Fulcrum/Fulcrum_Unsynced/Journals/jep/articles/3336451.0003.307/3336451.0003.307_jats_xml_cc.log.
INFO: validating XML file 3336451.0003.308_jats.xml
INFO: errors: 0
INFO: Saved log file S:/Information Management/Fulcrum/Fulcrum_Unsynced/Journals/jep/articles/3336451.0003.308/3336451.0003.308_jats_xml_cc.log.
INFO: validating XML file 3336451.0003.309_jats.xml
INFO: errors: 0
INFO: Saved log file S:/Information Management/Fulcrum/Fulcrum_Unsynced/Journals/jep/articles/3336451.0003.309/3336451.0003.309_jats_xml_cc.log.
INFO: validating XML file 3336451.0003.310_jats.xml
INFO: errors: 0
INFO: Saved log file S:/Information Management/Fulcrum/Fulcrum_Unsynced/Journals/jep/articles/3336451.0003.310/3336451.0003.310_jats_xml_cc.log.
INFO: validating XML file 3336451.0003.311_jats.xml
INFO: errors: 0
INFO: Saved log file S:/Information Management/Fulcrum/Fulcrum_Unsynced/Journals/jep/articles/3336451.0003.311/3336451.0003.311_jats_xml_cc.log.
INFO: validating XML file 3336451.0003.312_jats.xml
INFO: errors: 0
INFO: Saved log file S:/Information Management/Fulcrum/Fulcrum_Unsynced/Journals/jep/articles/3336451.0003.312/3336451.0003.312_jats_xml_cc.log.
INFO: validating XML file 3336451.0003.401_jats.xml
INFO: errors: 0
INFO: Saved log file S:/Information Management/Fulcrum/Fulcrum_Unsynced/Journals/jep/articles/3336451.0003.401/3336451.0003.401_jats_xml_cc.log.
INFO: validating XML file 3336451.0003.402_jats.xml
INFO: errors: 0
INFO: Saved log file S:/Information Management/Fulcrum/Fulcrum_Unsynced/Journals/jep/articles/3336451.0003.402/3336451.0003.402_jats_xml_cc.log.
INFO: validating XML file 3336451.0003.403_jats.xml
INFO: errors: 0
INFO: Saved log file S:/Information Management/Fulcrum/Fulcrum_Unsynced/Journals/jep/articles/3336451.0003.403/3336451.0003.403_jats_xml_cc.log.
INFO: validating XML file 3336451.0003.404_jats.xml
INFO: errors: 0
INFO: Saved log file S:/Information Management/Fulcrum/Fulcrum_Unsynced/Journals/jep/articles/3336451.0003.404/3336451.0003.404_jats_xml_cc.log.
INFO: validating XML file 3336451.0003.405_jats.xml
INFO: errors: 0
INFO: Saved log file S:/Information Management/Fulcrum/Fulcrum_Unsynced/Journals/jep/articles/3336451.0003.405/3336451.0003.405_jats_xml_cc.log.
INFO: validating XML file 3336451.0003.406_jats.xml
INFO: errors: 0
INFO: Saved log file S:/Information Management/Fulcrum/Fulcrum_Unsynced/Journals/jep/articles/3336451.0003.406/3336451.0003.406_jats_xml_cc.log.
INFO: validating XML file 3336451.0003.407_jats.xml
INFO: errors: 0
INFO: Saved log file S:/Information Management/Fulcrum/Fulcrum_Unsynced/Journals/jep/articles/3336451.0003.407/3336451.0003.407_jats_xml_cc.log.
INFO: validating XML file 3336451.0003.408_jats.xml
INFO: errors: 0
INFO: Saved log file S:/Information Management/Fulcrum/Fulcrum_Unsynced/Journals/jep/articles/3336451.0003.408/3336451.0003.408_jats_xml_cc.log.
INFO: validating XML file 3336451.0003.409_jats.xml
INFO: errors: 0
INFO: Saved log file S:/Information Management/Fulcrum/Fulcrum_Unsynced/Journals/jep/articles/3336451.0003.409/3336451.0003.409_jats_xml_cc.log.
INFO: validating XML file 3336451.0004.101_jats.xml
INFO: errors: 0
INFO: Saved log file S:/Information Management/Fulcrum/Fulcrum_Unsynced/Journals/jep/articles/3336451.0004.101/3336451.0004.101_jats_xml_cc.log.
INFO: validating XML file 3336451.0004.102_jats.xml
INFO: errors: 0
INFO: Saved log file S:/Information Management/Fulcrum/Fulcrum_Unsynced/Journals/jep/articles/3336451.0004.102/3336451.0004.102_jats_xml_cc.log.
INFO: validating XML file 3336451.0004.103_jats.xml
INFO: errors: 0
INFO: Saved log file S:/Information Management/Fulcrum/Fulcrum_Unsynced/Journals/jep/articles/3336451.0004.103/3336451.0004.103_jats_xml_cc.log.
INFO: validating XML file 3336451.0004.104_jats.xml
INFO: errors: 0
INFO: Saved log file S:/Information Management/Fulcrum/Fulcrum_Unsynced/Journals/jep/articles/3336451.0004.104/3336451.0004.104_jats_xml_cc.log.
INFO: validating XML file 3336451.0004.105_jats.xml
INFO: errors: 0
INFO: Saved log file S:/Information Management/Fulcrum/Fulcrum_Unsynced/Journals/jep/articles/3336451.0004.105/3336451.0004.105_jats_xml_cc.log.
INFO: validating XML file 3336451.0004.106_jats.xml
INFO: errors: 0
INFO: Saved log file S:/Information Management/Fulcrum/Fulcrum_Unsynced/Journals/jep/articles/3336451.0004.106/3336451.0004.106_jats_xml_cc.log.
INFO: validating XML file 3336451.0004.107_jats.xml
INFO: errors: 0
INFO: Saved log file S:/Information Management/Fulcrum/Fulcrum_Unsynced/Journals/jep/articles/3336451.0004.107/3336451.0004.107_jats_xml_cc.log.
INFO: validating XML file 3336451.0004.108_jats.xml
INFO: errors: 0
INFO: Saved log file S:/Information Management/Fulcrum/Fulcrum_Unsynced/Journals/jep/articles/3336451.0004.108/3336451.0004.108_jats_xml_cc.log.
INFO: validating XML file 3336451.0004.109_jats.xml
INFO: errors: 0
INFO: Saved log file S:/Information Management/Fulcrum/Fulcrum_Unsynced/Journals/jep/articles/3336451.0004.109/3336451.0004.109_jats_xml_cc.log.
INFO: validating XML file 3336451.0004.110_jats.xml
INFO: errors: 0
INFO: Saved log file S:/Information Management/Fulcrum/Fulcrum_Unsynced/Journals/jep/articles/3336451.0004.110/3336451.0004.110_jats_xml_cc.log.
INFO: validating XML file 3336451.0004.111_jats.xml
INFO: errors: 0
INFO: Saved log file S:/Information Management/Fulcrum/Fulcrum_Unsynced/Journals/jep/articles/3336451.0004.111/3336451.0004.111_jats_xml_cc.log.
INFO: validating XML file 3336451.0004.112_jats.xml
INFO: errors: 0
INFO: Saved log file S:/Information Management/Fulcrum/Fulcrum_Unsynced/Journals/jep/articles/3336451.0004.112/3336451.0004.112_jats_xml_cc.log.
INFO: validating XML file 3336451.0004.201_jats.xml
INFO: errors: 0
INFO: Saved log file S:/Information Management/Fulcrum/Fulcrum_Unsynced/Journals/jep/articles/3336451.0004.201/3336451.0004.201_jats_xml_cc.log.
INFO: validating XML file 3336451.0004.202_jats.xml
INFO: errors: 0
INFO: Saved log file S:/Information Management/Fulcrum/Fulcrum_Unsynced/Journals/jep/articles/3336451.0004.202/3336451.0004.202_jats_xml_cc.log.
INFO: validating XML file 3336451.0004.203_jats.xml
INFO: errors: 0
INFO: Saved log file S:/Information Management/Fulcrum/Fulcrum_Unsynced/Journals/jep/articles/3336451.0004.203/3336451.0004.203_jats_xml_cc.log.
INFO: validating XML file 3336451.0004.204_jats.xml
INFO: errors: 0
INFO: Saved log file S:/Information Management/Fulcrum/Fulcrum_Unsynced/Journals/jep/articles/3336451.0004.204/3336451.0004.204_jats_xml_cc.log.
INFO: validating XML file 3336451.0004.205_jats.xml
INFO: errors: 0
INFO: Saved log file S:/Information Management/Fulcrum/Fulcrum_Unsynced/Journals/jep/articles/3336451.0004.205/3336451.0004.205_jats_xml_cc.log.
INFO: validating XML file 3336451.0004.206_jats.xml
INFO: errors: 0
INFO: Saved log file S:/Information Management/Fulcrum/Fulcrum_Unsynced/Journals/jep/articles/3336451.0004.206/3336451.0004.206_jats_xml_cc.log.
INFO: validating XML file 3336451.0004.207_jats.xml
INFO: errors: 0
INFO: Saved log file S:/Information Management/Fulcrum/Fulcrum_Unsynced/Journals/jep/articles/3336451.0004.207/3336451.0004.207_jats_xml_cc.log.
INFO: validating XML file 3336451.0004.208_jats.xml
INFO: errors: 0
INFO: Saved log file S:/Information Management/Fulcrum/Fulcrum_Unsynced/Journals/jep/articles/3336451.0004.208/3336451.0004.208_jats_xml_cc.log.
INFO: validating XML file 3336451.0004.209_jats.xml
INFO: errors: 0
INFO: Saved log file S:/Information Management/Fulcrum/Fulcrum_Unsynced/Journals/jep/articles/3336451.0004.209/3336451.0004.209_jats_xml_cc.log.
INFO: validating XML file 3336451.0004.210_jats.xml
INFO: errors: 0
INFO: Saved log file S:/Information Management/Fulcrum/Fulcrum_Unsynced/Journals/jep/articles/3336451.0004.210/3336451.0004.210_jats_xml_cc.log.
INFO: validating XML file 3336451.0004.301_jats.xml
INFO: errors: 0
INFO: Saved log file S:/Information Management/Fulcrum/Fulcrum_Unsynced/Journals/jep/articles/3336451.0004.301/3336451.0004.301_jats_xml_cc.log.
INFO: validating XML file 3336451.0004.302_jats.xml
INFO: errors: 0
INFO: Saved log file S:/Information Management/Fulcrum/Fulcrum_Unsynced/Journals/jep/articles/3336451.0004.302/3336451.0004.302_jats_xml_cc.log.
INFO: validating XML file 3336451.0004.303_jats.xml
INFO: errors: 0
INFO: Saved log file S:/Information Management/Fulcrum/Fulcrum_Unsynced/Journals/jep/articles/3336451.0004.303/3336451.0004.303_jats_xml_cc.log.
INFO: validating XML file 3336451.0004.304_jats.xml
INFO: errors: 0
INFO: Saved log file S:/Information Management/Fulcrum/Fulcrum_Unsynced/Journals/jep/articles/3336451.0004.304/3336451.0004.304_jats_xml_cc.log.
INFO: validating XML file 3336451.0004.305_jats.xml
INFO: errors: 0
INFO: Saved log file S:/Information Management/Fulcrum/Fulcrum_Unsynced/Journals/jep/articles/3336451.0004.305/3336451.0004.305_jats_xml_cc.log.
INFO: validating XML file 3336451.0004.306_jats.xml
INFO: errors: 0
INFO: Saved log file S:/Information Management/Fulcrum/Fulcrum_Unsynced/Journals/jep/articles/3336451.0004.306/3336451.0004.306_jats_xml_cc.log.
INFO: validating XML file 3336451.0004.307_jats.xml
INFO: errors: 0
INFO: Saved log file S:/Information Management/Fulcrum/Fulcrum_Unsynced/Journals/jep/articles/3336451.0004.307/3336451.0004.307_jats_xml_cc.log.
INFO: validating XML file 3336451.0004.308_jats.xml
INFO: errors: 0
INFO: Saved log file S:/Information Management/Fulcrum/Fulcrum_Unsynced/Journals/jep/articles/3336451.0004.308/3336451.0004.308_jats_xml_cc.log.
INFO: validating XML file 3336451.0004.309_jats.xml
INFO: errors: 0
INFO: Saved log file S:/Information Management/Fulcrum/Fulcrum_Unsynced/Journals/jep/articles/3336451.0004.309/3336451.0004.309_jats_xml_cc.log.
INFO: validating XML file 3336451.0004.310_jats.xml
INFO: errors: 0
INFO: Saved log file S:/Information Management/Fulcrum/Fulcrum_Unsynced/Journals/jep/articles/3336451.0004.310/3336451.0004.310_jats_xml_cc.log.
INFO: validating XML file 3336451.0004.311_jats.xml
INFO: errors: 0
INFO: Saved log file S:/Information Management/Fulcrum/Fulcrum_Unsynced/Journals/jep/articles/3336451.0004.311/3336451.0004.311_jats_xml_cc.log.
INFO: validating XML file 3336451.0004.401_jats.xml
INFO: errors: 0
INFO: Saved log file S:/Information Management/Fulcrum/Fulcrum_Unsynced/Journals/jep/articles/3336451.0004.401/3336451.0004.401_jats_xml_cc.log.
INFO: validating XML file 3336451.0004.402_jats.xml
INFO: errors: 0
INFO: Saved log file S:/Information Management/Fulcrum/Fulcrum_Unsynced/Journals/jep/articles/3336451.0004.402/3336451.0004.402_jats_xml_cc.log.
INFO: validating XML file 3336451.0004.403_jats.xml
INFO: errors: 0
INFO: Saved log file S:/Information Management/Fulcrum/Fulcrum_Unsynced/Journals/jep/articles/3336451.0004.403/3336451.0004.403_jats_xml_cc.log.
INFO: validating XML file 3336451.0004.404_jats.xml
INFO: errors: 0
INFO: Saved log file S:/Information Management/Fulcrum/Fulcrum_Unsynced/Journals/jep/articles/3336451.0004.404/3336451.0004.404_jats_xml_cc.log.
INFO: validating XML file 3336451.0004.405_jats.xml
INFO: errors: 0
INFO: Saved log file S:/Information Management/Fulcrum/Fulcrum_Unsynced/Journals/jep/articles/3336451.0004.405/3336451.0004.405_jats_xml_cc.log.
INFO: validating XML file 3336451.0004.406_jats.xml
INFO: errors: 0
INFO: Saved log file S:/Information Management/Fulcrum/Fulcrum_Unsynced/Journals/jep/articles/3336451.0004.406/3336451.0004.406_jats_xml_cc.log.
INFO: validating XML file 3336451.0004.407_jats.xml
INFO: errors: 0
INFO: Saved log file S:/Information Management/Fulcrum/Fulcrum_Unsynced/Journals/jep/articles/3336451.0004.407/3336451.0004.407_jats_xml_cc.log.
INFO: validating XML file 3336451.0004.408_jats.xml
INFO: errors: 0
INFO: Saved log file S:/Information Management/Fulcrum/Fulcrum_Unsynced/Journals/jep/articles/3336451.0004.408/3336451.0004.408_jats_xml_cc.log.
INFO: validating XML file 3336451.0004.409_jats.xml
INFO: errors: 0
INFO: Saved log file S:/Information Management/Fulcrum/Fulcrum_Unsynced/Journals/jep/articles/3336451.0004.409/3336451.0004.409_jats_xml_cc.log.
INFO: validating XML file 3336451.0004.411_jats.xml
INFO: errors: 0
INFO: Saved log file S:/Information Management/Fulcrum/Fulcrum_Unsynced/Journals/jep/articles/3336451.0004.411/3336451.0004.411_jats_xml_cc.log.
INFO: validating XML file 3336451.0004.412_jats.xml
INFO: errors: 0
INFO: Saved log file S:/Information Management/Fulcrum/Fulcrum_Unsynced/Journals/jep/articles/3336451.0004.412/3336451.0004.412_jats_xml_cc.log.
INFO: validating XML file 3336451.0004.413_jats.xml
INFO: errors: 0
INFO: Saved log file S:/Information Management/Fulcrum/Fulcrum_Unsynced/Journals/jep/articles/3336451.0004.413/3336451.0004.413_jats_xml_cc.log.
INFO: validating XML file 3336451.0004.414_jats.xml
INFO: errors: 0
INFO: Saved log file S:/Information Management/Fulcrum/Fulcrum_Unsynced/Journals/jep/articles/3336451.0004.414/3336451.0004.414_jats_xml_cc.log.
INFO: validating XML file 3336451.0005.101_jats.xml
INFO: errors: 0
INFO: Saved log file S:/Information Management/Fulcrum/Fulcrum_Unsynced/Journals/jep/articles/3336451.0005.101/3336451.0005.101_jats_xml_cc.log.
INFO: validating XML file 3336451.0005.102_jats.xml
INFO: errors: 0
INFO: Saved log file S:/Information Management/Fulcrum/Fulcrum_Unsynced/Journals/jep/articles/3336451.0005.102/3336451.0005.102_jats_xml_cc.log.
INFO: validating XML file 3336451.0005.103_jats.xml
INFO: errors: 0
INFO: Saved log file S:/Information Management/Fulcrum/Fulcrum_Unsynced/Journals/jep/articles/3336451.0005.103/3336451.0005.103_jats_xml_cc.log.
INFO: validating XML file 3336451.0005.104_jats.xml
INFO: errors: 0
INFO: Saved log file S:/Information Management/Fulcrum/Fulcrum_Unsynced/Journals/jep/articles/3336451.0005.104/3336451.0005.104_jats_xml_cc.log.
INFO: validating XML file 3336451.0005.105_jats.xml
INFO: errors: 0
INFO: Saved log file S:/Information Management/Fulcrum/Fulcrum_Unsynced/Journals/jep/articles/3336451.0005.105/3336451.0005.105_jats_xml_cc.log.
INFO: validating XML file 3336451.0005.106_jats.xml
INFO: errors: 0
INFO: Saved log file S:/Information Management/Fulcrum/Fulcrum_Unsynced/Journals/jep/articles/3336451.0005.106/3336451.0005.106_jats_xml_cc.log.
INFO: validating XML file 3336451.0005.107_jats.xml
INFO: errors: 0
INFO: Saved log file S:/Information Management/Fulcrum/Fulcrum_Unsynced/Journals/jep/articles/3336451.0005.107/3336451.0005.107_jats_xml_cc.log.
INFO: validating XML file 3336451.0005.108_jats.xml
INFO: errors: 0
INFO: Saved log file S:/Information Management/Fulcrum/Fulcrum_Unsynced/Journals/jep/articles/3336451.0005.108/3336451.0005.108_jats_xml_cc.log.
INFO: validating XML file 3336451.0005.109_jats.xml
INFO: errors: 0
INFO: Saved log file S:/Information Management/Fulcrum/Fulcrum_Unsynced/Journals/jep/articles/3336451.0005.109/3336451.0005.109_jats_xml_cc.log.
INFO: validating XML file 3336451.0005.201_jats.xml
INFO: errors: 0
INFO: Saved log file S:/Information Management/Fulcrum/Fulcrum_Unsynced/Journals/jep/articles/3336451.0005.201/3336451.0005.201_jats_xml_cc.log.
INFO: validating XML file 3336451.0005.202_jats.xml
INFO: errors: 0
INFO: Saved log file S:/Information Management/Fulcrum/Fulcrum_Unsynced/Journals/jep/articles/3336451.0005.202/3336451.0005.202_jats_xml_cc.log.
INFO: validating XML file 3336451.0005.203_jats.xml
INFO: errors: 0
INFO: Saved log file S:/Information Management/Fulcrum/Fulcrum_Unsynced/Journals/jep/articles/3336451.0005.203/3336451.0005.203_jats_xml_cc.log.
INFO: validating XML file 3336451.0005.204_jats.xml
INFO: errors: 0
INFO: Saved log file S:/Information Management/Fulcrum/Fulcrum_Unsynced/Journals/jep/articles/3336451.0005.204/3336451.0005.204_jats_xml_cc.log.
INFO: validating XML file 3336451.0005.205_jats.xml
INFO: errors: 0
INFO: Saved log file S:/Information Management/Fulcrum/Fulcrum_Unsynced/Journals/jep/articles/3336451.0005.205/3336451.0005.205_jats_xml_cc.log.
INFO: validating XML file 3336451.0005.206_jats.xml
INFO: errors: 0
INFO: Saved log file S:/Information Management/Fulcrum/Fulcrum_Unsynced/Journals/jep/articles/3336451.0005.206/3336451.0005.206_jats_xml_cc.log.
INFO: validating XML file 3336451.0005.207_jats.xml
INFO: errors: 0
INFO: Saved log file S:/Information Management/Fulcrum/Fulcrum_Unsynced/Journals/jep/articles/3336451.0005.207/3336451.0005.207_jats_xml_cc.log.
INFO: validating XML file 3336451.0005.301_jats.xml
INFO: errors: 0
INFO: Saved log file S:/Information Management/Fulcrum/Fulcrum_Unsynced/Journals/jep/articles/3336451.0005.301/3336451.0005.301_jats_xml_cc.log.
INFO: validating XML file 3336451.0005.302_jats.xml
INFO: errors: 0
INFO: Saved log file S:/Information Management/Fulcrum/Fulcrum_Unsynced/Journals/jep/articles/3336451.0005.302/3336451.0005.302_jats_xml_cc.log.
INFO: validating XML file 3336451.0005.303_jats.xml
INFO: errors: 0
INFO: Saved log file S:/Information Management/Fulcrum/Fulcrum_Unsynced/Journals/jep/articles/3336451.0005.303/3336451.0005.303_jats_xml_cc.log.
INFO: validating XML file 3336451.0005.304_jats.xml
INFO: errors: 0
INFO: Saved log file S:/Information Management/Fulcrum/Fulcrum_Unsynced/Journals/jep/articles/3336451.0005.304/3336451.0005.304_jats_xml_cc.log.
INFO: validating XML file 3336451.0005.305_jats.xml
INFO: errors: 0
INFO: Saved log file S:/Information Management/Fulcrum/Fulcrum_Unsynced/Journals/jep/articles/3336451.0005.305/3336451.0005.305_jats_xml_cc.log.
INFO: validating XML file 3336451.0005.306_jats.xml
INFO: errors: 0
INFO: Saved log file S:/Information Management/Fulcrum/Fulcrum_Unsynced/Journals/jep/articles/3336451.0005.306/3336451.0005.306_jats_xml_cc.log.
INFO: validating XML file 3336451.0005.401_jats.xml
INFO: errors: 0
INFO: Saved log file S:/Information Management/Fulcrum/Fulcrum_Unsynced/Journals/jep/articles/3336451.0005.401/3336451.0005.401_jats_xml_cc.log.
INFO: validating XML file 3336451.0005.402_jats.xml
INFO: errors: 0
INFO: Saved log file S:/Information Management/Fulcrum/Fulcrum_Unsynced/Journals/jep/articles/3336451.0005.402/3336451.0005.402_jats_xml_cc.log.
INFO: validating XML file 3336451.0005.403_jats.xml
INFO: errors: 0
INFO: Saved log file S:/Information Management/Fulcrum/Fulcrum_Unsynced/Journals/jep/articles/3336451.0005.403/3336451.0005.403_jats_xml_cc.log.
INFO: validating XML file 3336451.0005.404_jats.xml
INFO: errors: 0
INFO: Saved log file S:/Information Management/Fulcrum/Fulcrum_Unsynced/Journals/jep/articles/3336451.0005.404/3336451.0005.404_jats_xml_cc.log.
INFO: validating XML file 3336451.0005.405_jats.xml
INFO: errors: 0
INFO: Saved log file S:/Information Management/Fulcrum/Fulcrum_Unsynced/Journals/jep/articles/3336451.0005.405/3336451.0005.405_jats_xml_cc.log.
INFO: validating XML file 3336451.0005.406_jats.xml
INFO: errors: 0
INFO: Saved log file S:/Information Management/Fulcrum/Fulcrum_Unsynced/Journals/jep/articles/3336451.0005.406/3336451.0005.406_jats_xml_cc.log.
INFO: validating XML file 3336451.0005.407_jats.xml
INFO: errors: 0
INFO: Saved log file S:/Information Management/Fulcrum/Fulcrum_Unsynced/Journals/jep/articles/3336451.0005.407/3336451.0005.407_jats_xml_cc.log.
INFO: validating XML file 3336451.0005.408_jats.xml
INFO: errors: 0
INFO: Saved log file S:/Information Management/Fulcrum/Fulcrum_Unsynced/Journals/jep/articles/3336451.0005.408/3336451.0005.408_jats_xml_cc.log.
INFO: validating XML file 3336451.0006.101_jats.xml
INFO: errors: 0
INFO: Saved log file S:/Information Management/Fulcrum/Fulcrum_Unsynced/Journals/jep/articles/3336451.0006.101/3336451.0006.101_jats_xml_cc.log.
INFO: validating XML file 3336451.0006.102_jats.xml
INFO: errors: 0
INFO: Saved log file S:/Information Management/Fulcrum/Fulcrum_Unsynced/Journals/jep/articles/3336451.0006.102/3336451.0006.102_jats_xml_cc.log.
INFO: validating XML file 3336451.0006.103_jats.xml
INFO: errors: 0
INFO: Saved log file S:/Information Management/Fulcrum/Fulcrum_Unsynced/Journals/jep/articles/3336451.0006.103/3336451.0006.103_jats_xml_cc.log.
INFO: validating XML file 3336451.0006.104_jats.xml
INFO: errors: 0
INFO: Saved log file S:/Information Management/Fulcrum/Fulcrum_Unsynced/Journals/jep/articles/3336451.0006.104/3336451.0006.104_jats_xml_cc.log.
INFO: validating XML file 3336451.0006.105_jats.xml
INFO: errors: 0
INFO: Saved log file S:/Information Management/Fulcrum/Fulcrum_Unsynced/Journals/jep/articles/3336451.0006.105/3336451.0006.105_jats_xml_cc.log.
INFO: validating XML file 3336451.0006.106_jats.xml
INFO: errors: 0
INFO: Saved log file S:/Information Management/Fulcrum/Fulcrum_Unsynced/Journals/jep/articles/3336451.0006.106/3336451.0006.106_jats_xml_cc.log.
INFO: validating XML file 3336451.0006.107_jats.xml
INFO: errors: 0
INFO: Saved log file S:/Information Management/Fulcrum/Fulcrum_Unsynced/Journals/jep/articles/3336451.0006.107/3336451.0006.107_jats_xml_cc.log.
INFO: validating XML file 3336451.0006.108_jats.xml
INFO: errors: 0
INFO: Saved log file S:/Information Management/Fulcrum/Fulcrum_Unsynced/Journals/jep/articles/3336451.0006.108/3336451.0006.108_jats_xml_cc.log.
INFO: validating XML file 3336451.0006.109_jats.xml
INFO: errors: 0
INFO: Saved log file S:/Information Management/Fulcrum/Fulcrum_Unsynced/Journals/jep/articles/3336451.0006.109/3336451.0006.109_jats_xml_cc.log.
INFO: validating XML file 3336451.0006.110_jats.xml
INFO: errors: 0
INFO: Saved log file S:/Information Management/Fulcrum/Fulcrum_Unsynced/Journals/jep/articles/3336451.0006.110/3336451.0006.110_jats_xml_cc.log.
INFO: validating XML file 3336451.0006.111_jats.xml
INFO: errors: 0
INFO: Saved log file S:/Information Management/Fulcrum/Fulcrum_Unsynced/Journals/jep/articles/3336451.0006.111/3336451.0006.111_jats_xml_cc.log.
INFO: validating XML file 3336451.0006.112_jats.xml
INFO: errors: 0
INFO: Saved log file S:/Information Management/Fulcrum/Fulcrum_Unsynced/Journals/jep/articles/3336451.0006.112/3336451.0006.112_jats_xml_cc.log.
INFO: validating XML file 3336451.0006.201_jats.xml
INFO: errors: 0
INFO: Saved log file S:/Information Management/Fulcrum/Fulcrum_Unsynced/Journals/jep/articles/3336451.0006.201/3336451.0006.201_jats_xml_cc.log.
INFO: validating XML file 3336451.0006.202_jats.xml
INFO: errors: 0
INFO: Saved log file S:/Information Management/Fulcrum/Fulcrum_Unsynced/Journals/jep/articles/3336451.0006.202/3336451.0006.202_jats_xml_cc.log.
INFO: validating XML file 3336451.0006.203_jats.xml
INFO: errors: 0
INFO: Saved log file S:/Information Management/Fulcrum/Fulcrum_Unsynced/Journals/jep/articles/3336451.0006.203/3336451.0006.203_jats_xml_cc.log.
INFO: validating XML file 3336451.0006.204_jats.xml
INFO: errors: 0
INFO: Saved log file S:/Information Management/Fulcrum/Fulcrum_Unsynced/Journals/jep/articles/3336451.0006.204/3336451.0006.204_jats_xml_cc.log.
INFO: validating XML file 3336451.0006.205_jats.xml
INFO: errors: 0
INFO: Saved log file S:/Information Management/Fulcrum/Fulcrum_Unsynced/Journals/jep/articles/3336451.0006.205/3336451.0006.205_jats_xml_cc.log.
INFO: validating XML file 3336451.0006.206_jats.xml
INFO: errors: 0
INFO: Saved log file S:/Information Management/Fulcrum/Fulcrum_Unsynced/Journals/jep/articles/3336451.0006.206/3336451.0006.206_jats_xml_cc.log.
INFO: validating XML file 3336451.0006.207_jats.xml
INFO: errors: 0
INFO: Saved log file S:/Information Management/Fulcrum/Fulcrum_Unsynced/Journals/jep/articles/3336451.0006.207/3336451.0006.207_jats_xml_cc.log.
INFO: validating XML file 3336451.0006.301_jats.xml
INFO: errors: 0
INFO: Saved log file S:/Information Management/Fulcrum/Fulcrum_Unsynced/Journals/jep/articles/3336451.0006.301/3336451.0006.301_jats_xml_cc.log.
INFO: validating XML file 3336451.0006.302_jats.xml
INFO: errors: 0
INFO: Saved log file S:/Information Management/Fulcrum/Fulcrum_Unsynced/Journals/jep/articles/3336451.0006.302/3336451.0006.302_jats_xml_cc.log.
INFO: validating XML file 3336451.0006.303_jats.xml
INFO: errors: 0
INFO: Saved log file S:/Information Management/Fulcrum/Fulcrum_Unsynced/Journals/jep/articles/3336451.0006.303/3336451.0006.303_jats_xml_cc.log.
INFO: validating XML file 3336451.0006.304_jats.xml
INFO: errors: 0
INFO: Saved log file S:/Information Management/Fulcrum/Fulcrum_Unsynced/Journals/jep/articles/3336451.0006.304/3336451.0006.304_jats_xml_cc.log.
INFO: validating XML file 3336451.0006.305_jats.xml
INFO: errors: 0
INFO: Saved log file S:/Information Management/Fulcrum/Fulcrum_Unsynced/Journals/jep/articles/3336451.0006.305/3336451.0006.305_jats_xml_cc.log.
INFO: validating XML file 3336451.0006.306_jats.xml
INFO: errors: 0
INFO: Saved log file S:/Information Management/Fulcrum/Fulcrum_Unsynced/Journals/jep/articles/3336451.0006.306/3336451.0006.306_jats_xml_cc.log.
INFO: validating XML file 3336451.0007.101_jats.xml
INFO: errors: 0
INFO: Saved log file S:/Information Management/Fulcrum/Fulcrum_Unsynced/Journals/jep/articles/3336451.0007.101/3336451.0007.101_jats_xml_cc.log.
INFO: validating XML file 3336451.0007.102_jats.xml
INFO: errors: 0
INFO: Saved log file S:/Information Management/Fulcrum/Fulcrum_Unsynced/Journals/jep/articles/3336451.0007.102/3336451.0007.102_jats_xml_cc.log.
INFO: validating XML file 3336451.0007.103_jats.xml
INFO: errors: 0
INFO: Saved log file S:/Information Management/Fulcrum/Fulcrum_Unsynced/Journals/jep/articles/3336451.0007.103/3336451.0007.103_jats_xml_cc.log.
INFO: validating XML file 3336451.0007.104_jats.xml
INFO: errors: 0
INFO: Saved log file S:/Information Management/Fulcrum/Fulcrum_Unsynced/Journals/jep/articles/3336451.0007.104/3336451.0007.104_jats_xml_cc.log.
INFO: validating XML file 3336451.0007.105_jats.xml
INFO: errors: 0
INFO: Saved log file S:/Information Management/Fulcrum/Fulcrum_Unsynced/Journals/jep/articles/3336451.0007.105/3336451.0007.105_jats_xml_cc.log.
INFO: validating XML file 3336451.0007.106_jats.xml
INFO: errors: 0
INFO: Saved log file S:/Information Management/Fulcrum/Fulcrum_Unsynced/Journals/jep/articles/3336451.0007.106/3336451.0007.106_jats_xml_cc.log.
INFO: validating XML file 3336451.0007.107_jats.xml
INFO: errors: 0
INFO: Saved log file S:/Information Management/Fulcrum/Fulcrum_Unsynced/Journals/jep/articles/3336451.0007.107/3336451.0007.107_jats_xml_cc.log.
INFO: validating XML file 3336451.0007.201_jats.xml
INFO: errors: 0
INFO: Saved log file S:/Information Management/Fulcrum/Fulcrum_Unsynced/Journals/jep/articles/3336451.0007.201/3336451.0007.201_jats_xml_cc.log.
INFO: validating XML file 3336451.0007.202_jats.xml
INFO: errors: 0
INFO: Saved log file S:/Information Management/Fulcrum/Fulcrum_Unsynced/Journals/jep/articles/3336451.0007.202/3336451.0007.202_jats_xml_cc.log.
INFO: validating XML file 3336451.0007.203_jats.xml
INFO: errors: 0
INFO: Saved log file S:/Information Management/Fulcrum/Fulcrum_Unsynced/Journals/jep/articles/3336451.0007.203/3336451.0007.203_jats_xml_cc.log.
INFO: validating XML file 3336451.0007.204_jats.xml
INFO: errors: 0
INFO: Saved log file S:/Information Management/Fulcrum/Fulcrum_Unsynced/Journals/jep/articles/3336451.0007.204/3336451.0007.204_jats_xml_cc.log.
INFO: validating XML file 3336451.0007.205_jats.xml
INFO: errors: 0
INFO: Saved log file S:/Information Management/Fulcrum/Fulcrum_Unsynced/Journals/jep/articles/3336451.0007.205/3336451.0007.205_jats_xml_cc.log.
INFO: validating XML file 3336451.0007.206_jats.xml
INFO: errors: 0
INFO: Saved log file S:/Information Management/Fulcrum/Fulcrum_Unsynced/Journals/jep/articles/3336451.0007.206/3336451.0007.206_jats_xml_cc.log.
INFO: validating XML file 3336451.0007.207_jats.xml
INFO: errors: 0
INFO: Saved log file S:/Information Management/Fulcrum/Fulcrum_Unsynced/Journals/jep/articles/3336451.0007.207/3336451.0007.207_jats_xml_cc.log.
INFO: validating XML file 3336451.0007.209_jats.xml
INFO: errors: 0
INFO: Saved log file S:/Information Management/Fulcrum/Fulcrum_Unsynced/Journals/jep/articles/3336451.0007.209/3336451.0007.209_jats_xml_cc.log.
INFO: validating XML file 3336451.0007.301_jats.xml
INFO: errors: 0
INFO: Saved log file S:/Information Management/Fulcrum/Fulcrum_Unsynced/Journals/jep/articles/3336451.0007.301/3336451.0007.301_jats_xml_cc.log.
INFO: validating XML file 3336451.0007.302_jats.xml
INFO: errors: 0
INFO: Saved log file S:/Information Management/Fulcrum/Fulcrum_Unsynced/Journals/jep/articles/3336451.0007.302/3336451.0007.302_jats_xml_cc.log.
INFO: validating XML file 3336451.0007.303_jats.xml
INFO: errors: 0
INFO: Saved log file S:/Information Management/Fulcrum/Fulcrum_Unsynced/Journals/jep/articles/3336451.0007.303/3336451.0007.303_jats_xml_cc.log.
INFO: validating XML file 3336451.0007.304_jats.xml
INFO: errors: 0
INFO: Saved log file S:/Information Management/Fulcrum/Fulcrum_Unsynced/Journals/jep/articles/3336451.0007.304/3336451.0007.304_jats_xml_cc.log.
INFO: validating XML file 3336451.0007.305_jats.xml
INFO: errors: 0
INFO: Saved log file S:/Information Management/Fulcrum/Fulcrum_Unsynced/Journals/jep/articles/3336451.0007.305/3336451.0007.305_jats_xml_cc.log.
INFO: validating XML file 3336451.0007.306_jats.xml
INFO: errors: 0
INFO: Saved log file S:/Information Management/Fulcrum/Fulcrum_Unsynced/Journals/jep/articles/3336451.0007.306/3336451.0007.306_jats_xml_cc.log.
INFO: validating XML file 3336451.0007.307_jats.xml
INFO: errors: 0
INFO: Saved log file S:/Information Management/Fulcrum/Fulcrum_Unsynced/Journals/jep/articles/3336451.0007.307/3336451.0007.307_jats_xml_cc.log.
INFO: validating XML file 3336451.0008.101_jats.xml
INFO: errors: 0
INFO: Saved log file S:/Information Management/Fulcrum/Fulcrum_Unsynced/Journals/jep/articles/3336451.0008.101/3336451.0008.101_jats_xml_cc.log.
INFO: validating XML file 3336451.0008.102_jats.xml
INFO: errors: 0
INFO: Saved log file S:/Information Management/Fulcrum/Fulcrum_Unsynced/Journals/jep/articles/3336451.0008.102/3336451.0008.102_jats_xml_cc.log.
INFO: validating XML file 3336451.0008.103_jats.xml
INFO: errors: 0
INFO: Saved log file S:/Information Management/Fulcrum/Fulcrum_Unsynced/Journals/jep/articles/3336451.0008.103/3336451.0008.103_jats_xml_cc.log.
INFO: validating XML file 3336451.0008.104_jats.xml
INFO: errors: 0
INFO: Saved log file S:/Information Management/Fulcrum/Fulcrum_Unsynced/Journals/jep/articles/3336451.0008.104/3336451.0008.104_jats_xml_cc.log.
INFO: validating XML file 3336451.0008.105_jats.xml
INFO: errors: 0
INFO: Saved log file S:/Information Management/Fulcrum/Fulcrum_Unsynced/Journals/jep/articles/3336451.0008.105/3336451.0008.105_jats_xml_cc.log.
INFO: validating XML file 3336451.0008.106_jats.xml
INFO: errors: 0
INFO: Saved log file S:/Information Management/Fulcrum/Fulcrum_Unsynced/Journals/jep/articles/3336451.0008.106/3336451.0008.106_jats_xml_cc.log.
INFO: validating XML file 3336451.0008.107_jats.xml
INFO: errors: 0
INFO: Saved log file S:/Information Management/Fulcrum/Fulcrum_Unsynced/Journals/jep/articles/3336451.0008.107/3336451.0008.107_jats_xml_cc.log.
INFO: validating XML file 3336451.0008.108_jats.xml
INFO: errors: 0
INFO: Saved log file S:/Information Management/Fulcrum/Fulcrum_Unsynced/Journals/jep/articles/3336451.0008.108/3336451.0008.108_jats_xml_cc.log.
INFO: validating XML file 3336451.0009.101_jats.xml
INFO: errors: 0
INFO: Saved log file S:/Information Management/Fulcrum/Fulcrum_Unsynced/Journals/jep/articles/3336451.0009.101/3336451.0009.101_jats_xml_cc.log.
INFO: validating XML file 3336451.0009.102_jats.xml
INFO: errors: 0
INFO: Saved log file S:/Information Management/Fulcrum/Fulcrum_Unsynced/Journals/jep/articles/3336451.0009.102/3336451.0009.102_jats_xml_cc.log.
INFO: validating XML file 3336451.0009.103_jats.xml
INFO: errors: 0
INFO: Saved log file S:/Information Management/Fulcrum/Fulcrum_Unsynced/Journals/jep/articles/3336451.0009.103/3336451.0009.103_jats_xml_cc.log.
INFO: validating XML file 3336451.0009.104_jats.xml
INFO: errors: 0
INFO: Saved log file S:/Information Management/Fulcrum/Fulcrum_Unsynced/Journals/jep/articles/3336451.0009.104/3336451.0009.104_jats_xml_cc.log.
INFO: validating XML file 3336451.0009.105_jats.xml
INFO: errors: 0
INFO: Saved log file S:/Information Management/Fulcrum/Fulcrum_Unsynced/Journals/jep/articles/3336451.0009.105/3336451.0009.105_jats_xml_cc.log.
INFO: validating XML file 3336451.0009.106_jats.xml
INFO: errors: 0
INFO: Saved log file S:/Information Management/Fulcrum/Fulcrum_Unsynced/Journals/jep/articles/3336451.0009.106/3336451.0009.106_jats_xml_cc.log.
INFO: validating XML file 3336451.0009.107_jats.xml
INFO: errors: 0
INFO: Saved log file S:/Information Management/Fulcrum/Fulcrum_Unsynced/Journals/jep/articles/3336451.0009.107/3336451.0009.107_jats_xml_cc.log.
INFO: validating XML file 3336451.0009.108_jats.xml
INFO: errors: 0
INFO: Saved log file S:/Information Management/Fulcrum/Fulcrum_Unsynced/Journals/jep/articles/3336451.0009.108/3336451.0009.108_jats_xml_cc.log.
INFO: validating XML file 3336451.0009.201_jats.xml
INFO: errors: 0
INFO: Saved log file S:/Information Management/Fulcrum/Fulcrum_Unsynced/Journals/jep/articles/3336451.0009.201/3336451.0009.201_jats_xml_cc.log.
INFO: validating XML file 3336451.0009.202_jats.xml
INFO: errors: 0
INFO: Saved log file S:/Information Management/Fulcrum/Fulcrum_Unsynced/Journals/jep/articles/3336451.0009.202/3336451.0009.202_jats_xml_cc.log.
INFO: validating XML file 3336451.0009.203_jats.xml
INFO: errors: 0
INFO: Saved log file S:/Information Management/Fulcrum/Fulcrum_Unsynced/Journals/jep/articles/3336451.0009.203/3336451.0009.203_jats_xml_cc.log.
INFO: validating XML file 3336451.0009.204_jats.xml
INFO: errors: 0
INFO: Saved log file S:/Information Management/Fulcrum/Fulcrum_Unsynced/Journals/jep/articles/3336451.0009.204/3336451.0009.204_jats_xml_cc.log.
INFO: validating XML file 3336451.0009.205_jats.xml
INFO: errors: 0
INFO: Saved log file S:/Information Management/Fulcrum/Fulcrum_Unsynced/Journals/jep/articles/3336451.0009.205/3336451.0009.205_jats_xml_cc.log.
INFO: validating XML file 3336451.0009.206_jats.xml
INFO: errors: 0
INFO: Saved log file S:/Information Management/Fulcrum/Fulcrum_Unsynced/Journals/jep/articles/3336451.0009.206/3336451.0009.206_jats_xml_cc.log.
INFO: validating XML file 3336451.0009.207_jats.xml
INFO: errors: 0
INFO: Saved log file S:/Information Management/Fulcrum/Fulcrum_Unsynced/Journals/jep/articles/3336451.0009.207/3336451.0009.207_jats_xml_cc.log.
INFO: validating XML file 3336451.0009.208_jats.xml
INFO: errors: 0
INFO: Saved log file S:/Information Management/Fulcrum/Fulcrum_Unsynced/Journals/jep/articles/3336451.0009.208/3336451.0009.208_jats_xml_cc.log.
INFO: validating XML file 3336451.0009.209_jats.xml
INFO: errors: 0
INFO: Saved log file S:/Information Management/Fulcrum/Fulcrum_Unsynced/Journals/jep/articles/3336451.0009.209/3336451.0009.209_jats_xml_cc.log.
